// Jest Snapshot v1, https://goo.gl/fbAQLP

exports[`__interactive 1`] = `
<DocumentFragment>
  <div
    class="imageSlides"
  >
    <div
      class="blackBackground"
      style="--current-image: url(https://images.unsplash.com/photo-1473186578172-c141e6798cf4?crop=entropy&cs=tinysrgb&fm=jpg&ixlib=rb-1.2.1&q=80&raw_url=true&ixid=MnwxMjA3fDB8MHxwaG90by1wYWdlfHx8fGVufDB8fHx8&auto=format&fit=crop&w=1073);"
    />
    <div
      class="currentImageContainer"
      style="--current-image: url(https://images.unsplash.com/photo-1473186578172-c141e6798cf4?crop=entropy&cs=tinysrgb&fm=jpg&ixlib=rb-1.2.1&q=80&raw_url=true&ixid=MnwxMjA3fDB8MHxwaG90by1wYWdlfHx8fGVufDB8fHx8&auto=format&fit=crop&w=1073);"
    >
      <svg
        aria-hidden="true"
        class="svg-inline--fa fa-caret-left arrow left"
        data-icon="caret-left"
        data-prefix="fas"
        focusable="false"
        role="img"
        viewBox="0 0 256 512"
        xmlns="http://www.w3.org/2000/svg"
      >
        <path
          d="M137.4 406.6l-128-127.1C3.125 272.4 0 264.2 0 255.1s3.125-16.38 9.375-22.63l128-127.1c9.156-9.156 22.91-11.9 34.88-6.943S192 115.1 192 128v255.1c0 12.94-7.781 24.62-19.75 29.58S146.5 415.8 137.4 406.6z"
          fill="currentColor"
        />
      </svg>
      <svg
        aria-hidden="true"
        class="svg-inline--fa fa-caret-right arrow right"
        data-icon="caret-right"
        data-prefix="fas"
        focusable="false"
        role="img"
        viewBox="0 0 256 512"
        xmlns="http://www.w3.org/2000/svg"
      >
        <path
          d="M118.6 105.4l128 127.1C252.9 239.6 256 247.8 256 255.1s-3.125 16.38-9.375 22.63l-128 127.1c-9.156 9.156-22.91 11.9-34.88 6.943S64 396.9 64 383.1V128c0-12.94 7.781-24.62 19.75-29.58S109.5 96.23 118.6 105.4z"
          fill="currentColor"
        />
      </svg>
    </div>
  </div>
</DocumentFragment>
`;
