// Jest Snapshot v1, https://goo.gl/fbAQLP

exports[`__interactive 1`] = `
<DocumentFragment>
  <div
    class="incrementingCounter"
  >
    <img
      alt="brand-logo"
      src="test-file-stub"
    />
    <h1
      class="counter"
    >
      0
    </h1>
    <p>
      Instagtram Followers
    </p>
  </div>
</DocumentFragment>
`;
